mysql> show databases;
+--------------------+
| Database           |
+--------------------+
| client_details     |
| employee1          |
| employeedetails    |
| information_schema |
| mysql              |
| performance_schema |
| project_details    |
| student            |
| student_marks      |
| sudha              |
| sys                |
+--------------------+
11 rows in set (0.00 sec)

mysql> show tables;
ERROR 1046 (3D000): No database selected
mysql> use employee;
ERROR 1049 (42000): Unknown database 'employee'
mysql> use employee1;
Database changed
mysql> show tables;+---------------------+
| Tables_in_employee1 |
+---------------------+
| client              |
| emp                 |
| employee            |
| employees           |
| employees_audit     |
| project             |
+---------------------+
6 rows in set (0.00 sec)

mysql> select * from employee;
+-------+-----------+----------+--------+
| empId | emplFname | empsname | empAge |
+-------+-----------+----------+--------+
| 1     | sudha     | reddy    |     22 |
| 2     | sai       | rachana  |     23 |
| 2     | sai       | pranathi |     25 |
| 2     | sneha     | reddy    |     22 |
+-------+-----------+----------+--------+
4 rows in set (0.03 sec)

mysql> show triggers;
+-------------------+--------+----------+-----------------------------------------------------------------------------------------------------------------------+--------+------------------------+--------------------------------------------+----------------+----------------------+----------------------+--------------------+
| Trigger           | Event  | Table    | Statement                                                                                                             | Timing | Created                | sql_mode                                   | Definer        | character_set_client | collation_connection | Database Collation |
+-------------------+--------+----------+-----------------------------------------------------------------------------------------------------------------------+--------+------------------------+--------------------------------------------+----------------+----------------------+----------------------+--------------------+
| before_emp_update | UPDATE | employee | BEGIN
INSERT INTO emp
set action='update',
employeeNumber=OLD.empId,
firstname=OLD. emplFname,
changedat = NOW();
END | BEFORE | 2020-11-02 14:57:51.79 | STRICT_TRANS_TABLES,NO_ENGINE_SUBSTITUTION | root@localhost | cp850                | cp850_general_ci     | utf8mb4_0900_ai_ci |
+-------------------+--------+----------+-----------------------------------------------------------------------------------------------------------------------+--------+------------------------+--------------------------------------------+----------------+----------------------+----------------------+--------------------+
1 row in set (0.25 sec)INSERT INTO emp
set action='update',
employeeNumber=OLD.empId,
firstname=OLD. emplFname,
changedat = NOW();
END | BEFORE | 2020-11-02 14:57:51.79 | STRICT_TRANS_TABLES,NO_ENGINE_SUBSTITUTION | root@localhost | cp850                | cp850_general_ci     | utf8mb4_0900_ai_ci |
+-------------------+--------+----------+-----------------------------------------------------------------------------------------------------------------------+--------+------------------------+--------------------------------------------+----------------+----------------------+----------------------+--------------------+
1 row in set (0.25 sec)
 UPDATE employee
    -> SET
    -> empId=3
    -> where empAge=25;
Query OK, 1 row affected (0.21 sec)
Rows matched: 1  Changed: 1  Warnings: 0

mysql> select * from employee;
+-------+-----------+----------+--------+
| empId | emplFname | empsname | empAge |
+-------+-----------+----------+--------+
| 1     | sudha     | reddy    |     22 |
| 2     | sai       | rachana  |     23 |
| 3     | sai       | pranathi |     25 |
| 2     | sneha     | reddy    |     22 |
+-------+-----------+----------+--------+
4 rows in set (0.00 sec)
